
> temp_app@0.1.0 build
> next build

Attention: Next.js now collects completely anonymous telemetry regarding usage.
This information is used to shape Next.js' roadmap and prioritize features.
You can learn more, including how to opt-out if you'd not like to participate in this anonymous program, by visiting the following URL:
https://nextjs.org/telemetry

Γû▓ Next.js 16.2.2 (Turbopack)

  Creating an optimized production build ...
Γ£ô Compiled successfully in 2.4s
  Running TypeScript ...
  Finished TypeScript in 2.4s ...
  Collecting page data using 11 workers ...
  Generating static pages using 11 workers (0/10) ...
node.exe : Error occurred 
prerendering page "/servic
es/email-marketing". Read 
more: https://nextjs.org/d
ocs/messages/prerender-err
or
At line:1 char:1
+ & "D:\Software 
Setups/node.exe" 
"D:\Software 
Setups/node_modules/npm/ 
...
+ ~~~~~~~~~~~~~~~~~~~~~~~~
~~~~~~~~~~~~~~~~~~~~~~~~~~
~~~~~~~~~~~~~~~~~~~
    + CategoryInfo        
      : NotSpecified: (E  
  rror occurred ...prer   
 ender-error:String) [    
], RemoteException
    + FullyQualifiedError 
   Id : NativeCommandErr  
  or
 
Error: Functions cannot 
be passed directly to 
Client Components unless 
you explicitly expose it 
by marking it with "use 
server". Or maybe you 
meant to call this 
function rather than 
return it.
  {$$typeof: ..., render: 
function, displayName: 
...}
                          
^^^^^^^^
    at stringify 
(<anonymous>) {
  digest: '1188402456'
}
Export encountered an 
error on /services/email-m
arketing/page: /services/e
mail-marketing, exiting 
the build.
Γ¿» Next.js build worker 
exited with code: 1 and 
signal: null
